// Jest Snapshot v1, https://goo.gl/fbAQLP

exports[`getMovieById 1`] = `
Object {
  "id": 603,
  "overview": "Set in the 22nd century, The Matrix tells the story of a computer hacker who joins a group of underground insurgents fighting the vast and powerful computers who now rule the earth.",
  "releaseDate": "1999-03-30",
  "title": "The Matrix",
}
`;

exports[`movieReducer 1`] = `
Object {
  "id": 603,
  "overview": "Set in the 22nd century, The Matrix tells the story of a computer hacker who joins a group of underground insurgents fighting the vast and powerful computers who now rule the earth.",
  "releaseDate": "1999-03-30",
  "title": "The Matrix",
}
`;
